Component: Arm Compiler for Embedded 6.23 Tool: armlink [5f102400]

==============================================================================

Section Cross References

    odd_even.o(RESET) refers to odd_even.o(.text) for Reset_Handler
    odd_even.o(.text) refers to odd_even.o(.data) for num


==============================================================================

Image Symbol Table

    Local Symbols

    Symbol Name                              Value     Ov Type        Size  Object(Section)

    odd_even.asm                             0x00000000   Number         0  odd_even.o ABSOLUTE
    RESET                                    0x08000000   Section        8  odd_even.o(RESET)
    $v0                                      0x08000008   Number         0  odd_even.o(.text)
    .text                                    0x08000008   Section       24  odd_even.o(.text)
    num                                      0x20000000   Data           4  odd_even.o(.data)
    .data                                    0x20000000   Section        4  odd_even.o(.data)

    Global Symbols

    Symbol Name                              Value     Ov Type        Size  Object(Section)

    BuildAttributes$$THM_ISAv4$E$P$D$K$B$S$7EM$VFPi3$EXTD16$VFPS$VFMA$PE$A:L22UL41UL21$X:L11$S22US41US21$IEEE1$~IW$USESV6$~STKCKD$USESV7$~SHL$OSPACE$EBA8$STANDARDLIB$PRES8$EABIv2 0x00000000   Number         0  anon$$obj.o ABSOLUTE
    __Vectors                                0x08000000   Data           0  odd_even.o(RESET)
    Reset_Handler                            0x08000009   Thumb Code     0  odd_even.o(.text)



==============================================================================

Memory Map of the image

  Image entry point : Not specified.

  Load Region LR_IROM1 (Base: 0x08000000, Size: 0x00000024, Max: 0x00100000, ABSOLUTE)

    Execution Region ER_IROM1 (Exec base: 0x08000000, Load base: 0x08000000, Size: 0x00000020, Max: 0x00100000, ABSOLUTE)

    Exec Addr    Load Addr    Size         Type   Attr      Idx    E Section Name        Object

    0x08000000   0x08000000   0x00000008   Code   RO            1    RESET               odd_even.o
    0x08000008   0x08000008   0x00000018   Code   RO            3    .text               odd_even.o


    Execution Region RW_IRAM1 (Exec base: 0x20000000, Load base: 0x08000020, Size: 0x00000004, Max: 0x00020000, ABSOLUTE)

    Exec Addr    Load Addr    Size         Type   Attr      Idx    E Section Name        Object

    0x20000000   0x08000020   0x00000004   Data   RW            2    .data               odd_even.o


==============================================================================

Image component sizes


      Code (inc. data)   RO Data    RW Data    ZI Data      Debug   Object Name

        32         14          0          4          0        412   odd_even.o

    ----------------------------------------------------------------------
        32         14          0          4          0        412   Object Totals
         0          0          0          0          0          0   (incl. Generated)
         0          0          0          0          0          0   (incl. Padding)

    ----------------------------------------------------------------------
         0          0          0          0          0          0   Library Totals
         0          0          0          0          0          0   (incl. Padding)

    ----------------------------------------------------------------------

==============================================================================


      Code (inc. data)   RO Data    RW Data    ZI Data      Debug   

        32         14          0          4          0        412   Grand Totals
        32         14          0          4          0        412   ELF Image Totals
        32         14          0          4          0          0   ROM Totals

==============================================================================

    Total RO  Size (Code + RO Data)                   32 (   0.03kB)
    Total RW  Size (RW Data + ZI Data)                 4 (   0.00kB)
    Total ROM Size (Code + RO Data + RW Data)         36 (   0.04kB)

==============================================================================

