Component: Arm Compiler for Embedded 6.23 Tool: armlink [5f102400]

==============================================================================

Section Cross References

    function_call.o(RESET) refers to function_call.o(.text) for Reset_Handler
    function_call.o(.text) refers to function_call.o(.data) for num1


==============================================================================

Image Symbol Table

    Local Symbols

    Symbol Name                              Value     Ov Type        Size  Object(Section)

    function_call.asm                        0x00000000   Number         0  function_call.o ABSOLUTE
    RESET                                    0x08000000   Section        8  function_call.o(RESET)
    $v0                                      0x08000008   Number         0  function_call.o(.text)
    .text                                    0x08000008   Section       40  function_call.o(.text)
    num1                                     0x20000000   Data           4  function_call.o(.data)
    .data                                    0x20000000   Section       12  function_call.o(.data)
    num2                                     0x20000004   Data           4  function_call.o(.data)
    res                                      0x20000008   Data           4  function_call.o(.data)

    Global Symbols

    Symbol Name                              Value     Ov Type        Size  Object(Section)

    BuildAttributes$$THM_ISAv4$E$P$D$K$B$S$7EM$VFPi3$EXTD16$VFPS$VFMA$PE$A:L22UL41UL21$X:L11$S22US41US21$IEEE1$~IW$USESV6$~STKCKD$USESV7$~SHL$OSPACE$EBA8$STANDARDLIB$PRES8$EABIv2 0x00000000   Number         0  anon$$obj.o ABSOLUTE
    __Vectors                                0x08000000   Data           0  function_call.o(RESET)
    Reset_Handler                            0x08000009   Thumb Code     0  function_call.o(.text)



==============================================================================

Memory Map of the image

  Image entry point : Not specified.

  Load Region LR_IROM1 (Base: 0x08000000, Size: 0x0000003c, Max: 0x00100000, ABSOLUTE)

    Execution Region ER_IROM1 (Exec base: 0x08000000, Load base: 0x08000000, Size: 0x00000030, Max: 0x00100000, ABSOLUTE)

    Exec Addr    Load Addr    Size         Type   Attr      Idx    E Section Name        Object

    0x08000000   0x08000000   0x00000008   Code   RO            1    RESET               function_call.o
    0x08000008   0x08000008   0x00000028   Code   RO            3    .text               function_call.o


    Execution Region RW_IRAM1 (Exec base: 0x20000000, Load base: 0x08000030, Size: 0x0000000c, Max: 0x00020000, ABSOLUTE)

    Exec Addr    Load Addr    Size         Type   Attr      Idx    E Section Name        Object

    0x20000000   0x08000030   0x0000000c   Data   RW            2    .data               function_call.o


==============================================================================

Image component sizes


      Code (inc. data)   RO Data    RW Data    ZI Data      Debug   Object Name

        48         22          0         12          0        436   function_call.o

    ----------------------------------------------------------------------
        48         22          0         12          0        436   Object Totals
         0          0          0          0          0          0   (incl. Generated)
         0          0          0          0          0          0   (incl. Padding)

    ----------------------------------------------------------------------
         0          0          0          0          0          0   Library Totals
         0          0          0          0          0          0   (incl. Padding)

    ----------------------------------------------------------------------

==============================================================================


      Code (inc. data)   RO Data    RW Data    ZI Data      Debug   

        48         22          0         12          0        436   Grand Totals
        48         22          0         12          0        436   ELF Image Totals
        48         22          0         12          0          0   ROM Totals

==============================================================================

    Total RO  Size (Code + RO Data)                   48 (   0.05kB)
    Total RW  Size (RW Data + ZI Data)                12 (   0.01kB)
    Total ROM Size (Code + RO Data + RW Data)         60 (   0.06kB)

==============================================================================

