Component: Arm Compiler for Embedded 6.23 Tool: armlink [5f102400]

==============================================================================

Section Cross References

    fibonacci_recursive.o(RESET) refers to fibonacci_recursive.o(.text) for Reset_Handler
    fibonacci_recursive.o(.text) refers to fibonacci_recursive.o(.data) for n


==============================================================================

Image Symbol Table

    Local Symbols

    Symbol Name                              Value     Ov Type        Size  Object(Section)

    fibonacci_recursive.asm                  0x00000000   Number         0  fibonacci_recursive.o ABSOLUTE
    RESET                                    0x08000000   Section        8  fibonacci_recursive.o(RESET)
    $v0                                      0x08000008   Number         0  fibonacci_recursive.o(.text)
    .text                                    0x08000008   Section       68  fibonacci_recursive.o(.text)
    n                                        0x20000000   Data           4  fibonacci_recursive.o(.data)
    .data                                    0x20000000   Section        8  fibonacci_recursive.o(.data)
    fib                                      0x20000004   Data           4  fibonacci_recursive.o(.data)

    Global Symbols

    Symbol Name                              Value     Ov Type        Size  Object(Section)

    BuildAttributes$$THM_ISAv4$E$P$D$K$B$S$7EM$VFPi3$EXTD16$VFPS$VFMA$PE$A:L22UL41UL21$X:L11$S22US41US21$IEEE1$~IW$USESV6$~STKCKD$USESV7$~SHL$OSPACE$EBA8$STANDARDLIB$EABIv2 0x00000000   Number         0  anon$$obj.o ABSOLUTE
    __Vectors                                0x08000000   Data           0  fibonacci_recursive.o(RESET)
    Reset_Handler                            0x08000009   Thumb Code     0  fibonacci_recursive.o(.text)



==============================================================================

Memory Map of the image

  Image entry point : Not specified.

  Load Region LR_IROM1 (Base: 0x08000000, Size: 0x00000054, Max: 0x00100000, ABSOLUTE)

    Execution Region ER_IROM1 (Exec base: 0x08000000, Load base: 0x08000000, Size: 0x0000004c, Max: 0x00100000, ABSOLUTE)

    Exec Addr    Load Addr    Size         Type   Attr      Idx    E Section Name        Object

    0x08000000   0x08000000   0x00000008   Code   RO            1    RESET               fibonacci_recursive.o
    0x08000008   0x08000008   0x00000044   Code   RO            3    .text               fibonacci_recursive.o


    Execution Region RW_IRAM1 (Exec base: 0x20000000, Load base: 0x0800004c, Size: 0x00000008, Max: 0x00020000, ABSOLUTE)

    Exec Addr    Load Addr    Size         Type   Attr      Idx    E Section Name        Object

    0x20000000   0x0800004c   0x00000008   Data   RW            2    .data               fibonacci_recursive.o


==============================================================================

Image component sizes


      Code (inc. data)   RO Data    RW Data    ZI Data      Debug   Object Name

        76         18          0          8          0        480   fibonacci_recursive.o

    ----------------------------------------------------------------------
        76         18          0          8          0        480   Object Totals
         0          0          0          0          0          0   (incl. Generated)
         0          0          0          0          0          0   (incl. Padding)

    ----------------------------------------------------------------------
         0          0          0          0          0          0   Library Totals
         0          0          0          0          0          0   (incl. Padding)

    ----------------------------------------------------------------------

==============================================================================


      Code (inc. data)   RO Data    RW Data    ZI Data      Debug   

        76         18          0          8          0        480   Grand Totals
        76         18          0          8          0        480   ELF Image Totals
        76         18          0          8          0          0   ROM Totals

==============================================================================

    Total RO  Size (Code + RO Data)                   76 (   0.07kB)
    Total RW  Size (RW Data + ZI Data)                 8 (   0.01kB)
    Total ROM Size (Code + RO Data + RW Data)         84 (   0.08kB)

==============================================================================

