Component: Arm Compiler for Embedded 6.23 Tool: armlink [5f102400]

==============================================================================

Section Cross References

    sum_loop.o(RESET) refers to sum_loop.o(.text) for Reset_Handler
    sum_loop.o(.text) refers to sum_loop.o(.data) for n


==============================================================================

Image Symbol Table

    Local Symbols

    Symbol Name                              Value     Ov Type        Size  Object(Section)

    sum_loop.asm                             0x00000000   Number         0  sum_loop.o ABSOLUTE
    RESET                                    0x08000000   Section        8  sum_loop.o(RESET)
    $v0                                      0x08000008   Number         0  sum_loop.o(.text)
    .text                                    0x08000008   Section       40  sum_loop.o(.text)
    n                                        0x20000000   Data           4  sum_loop.o(.data)
    .data                                    0x20000000   Section        8  sum_loop.o(.data)
    res                                      0x20000004   Data           4  sum_loop.o(.data)

    Global Symbols

    Symbol Name                              Value     Ov Type        Size  Object(Section)

    BuildAttributes$$THM_ISAv4$E$P$D$K$B$S$7EM$VFPi3$EXTD16$VFPS$VFMA$PE$A:L22UL41UL21$X:L11$S22US41US21$IEEE1$~IW$USESV6$~STKCKD$USESV7$~SHL$OSPACE$EBA8$STANDARDLIB$PRES8$EABIv2 0x00000000   Number         0  anon$$obj.o ABSOLUTE
    __Vectors                                0x08000000   Data           0  sum_loop.o(RESET)
    Reset_Handler                            0x08000009   Thumb Code     0  sum_loop.o(.text)



==============================================================================

Memory Map of the image

  Image entry point : Not specified.

  Load Region LR_IROM1 (Base: 0x08000000, Size: 0x00000038, Max: 0x00100000, ABSOLUTE)

    Execution Region ER_IROM1 (Exec base: 0x08000000, Load base: 0x08000000, Size: 0x00000030, Max: 0x00100000, ABSOLUTE)

    Exec Addr    Load Addr    Size         Type   Attr      Idx    E Section Name        Object

    0x08000000   0x08000000   0x00000008   Code   RO            1    RESET               sum_loop.o
    0x08000008   0x08000008   0x00000028   Code   RO            3    .text               sum_loop.o


    Execution Region RW_IRAM1 (Exec base: 0x20000000, Load base: 0x08000030, Size: 0x00000008, Max: 0x00020000, ABSOLUTE)

    Exec Addr    Load Addr    Size         Type   Attr      Idx    E Section Name        Object

    0x20000000   0x08000030   0x00000008   Data   RW            2    .data               sum_loop.o


==============================================================================

Image component sizes


      Code (inc. data)   RO Data    RW Data    ZI Data      Debug   Object Name

        48         18          0          8          0        416   sum_loop.o

    ----------------------------------------------------------------------
        48         18          0          8          0        416   Object Totals
         0          0          0          0          0          0   (incl. Generated)
         0          0          0          0          0          0   (incl. Padding)

    ----------------------------------------------------------------------
         0          0          0          0          0          0   Library Totals
         0          0          0          0          0          0   (incl. Padding)

    ----------------------------------------------------------------------

==============================================================================


      Code (inc. data)   RO Data    RW Data    ZI Data      Debug   

        48         18          0          8          0        416   Grand Totals
        48         18          0          8          0        416   ELF Image Totals
        48         18          0          8          0          0   ROM Totals

==============================================================================

    Total RO  Size (Code + RO Data)                   48 (   0.05kB)
    Total RW  Size (RW Data + ZI Data)                 8 (   0.01kB)
    Total ROM Size (Code + RO Data + RW Data)         56 (   0.05kB)

==============================================================================

