Component: Arm Compiler for Embedded 6.23 Tool: armlink [5f102400]

==============================================================================

Section Cross References

    add_sub.o(RESET) refers to add_sub.o(.text) for Reset_Handler
    add_sub.o(.text) refers to add_sub.o(.data) for num1


==============================================================================

Image Symbol Table

    Local Symbols

    Symbol Name                              Value     Ov Type        Size  Object(Section)

    add_sub.asm                              0x00000000   Number         0  add_sub.o ABSOLUTE
    RESET                                    0x08000000   Section        8  add_sub.o(RESET)
    $v0                                      0x08000008   Number         0  add_sub.o(.text)
    .text                                    0x08000008   Section       44  add_sub.o(.text)
    num1                                     0x20000000   Data           4  add_sub.o(.data)
    .data                                    0x20000000   Section       16  add_sub.o(.data)
    num2                                     0x20000004   Data           4  add_sub.o(.data)
    num3                                     0x20000008   Data           4  add_sub.o(.data)
    res                                      0x2000000c   Data           4  add_sub.o(.data)

    Global Symbols

    Symbol Name                              Value     Ov Type        Size  Object(Section)

    BuildAttributes$$THM_ISAv4$E$P$D$K$B$S$7EM$VFPi3$EXTD16$VFPS$VFMA$PE$A:L22UL41UL21$X:L11$S22US41US21$IEEE1$~IW$USESV6$~STKCKD$USESV7$~SHL$OSPACE$EBA8$STANDARDLIB$PRES8$EABIv2 0x00000000   Number         0  anon$$obj.o ABSOLUTE
    __Vectors                                0x08000000   Data           0  add_sub.o(RESET)
    Reset_Handler                            0x08000009   Thumb Code     0  add_sub.o(.text)



==============================================================================

Memory Map of the image

  Image Entry point : 0x08000009

  Load Region LR_1 (Base: 0x08000000, Size: 0x00000044, Max: 0xffffffff, ABSOLUTE)

    Execution Region ER_RO (Exec base: 0x08000000, Load base: 0x08000000, Size: 0x00000034, Max: 0xffffffff, ABSOLUTE)

    Exec Addr    Load Addr    Size         Type   Attr      Idx    E Section Name        Object

    0x08000000   0x08000000   0x00000008   Data   RO            1    RESET               add_sub.o
    0x08000008   0x08000008   0x0000002c   Code   RO            2  * .text               add_sub.o


    Execution Region ER_RW (Exec base: 0x20000000, Load base: 0x08000034, Size: 0x00000010, Max: 0xffffffff, ABSOLUTE)

    Exec Addr    Load Addr    Size         Type   Attr      Idx    E Section Name        Object

    0x20000000   0x08000034   0x00000010   Data   RW            3    .data               add_sub.o


    Execution Region ER_ZI (Exec base: 0x20000010, Load base: 0x08000044, Size: 0x00000000, Max: 0xffffffff, ABSOLUTE)

    **** No section assigned to this execution region ****


==============================================================================

Image component sizes


      Code (inc. data)   RO Data    RW Data    ZI Data      Debug   Object Name

        44         16          8         16          0        240   add_sub.o

    ----------------------------------------------------------------------
        44         16          8         16          0        240   Object Totals
         0          0          0          0          0          0   (incl. Generated)
         0          0          0          0          0          0   (incl. Padding)

    ----------------------------------------------------------------------
         0          0          0          0          0          0   Library Totals
         0          0          0          0          0          0   (incl. Padding)

    ----------------------------------------------------------------------

==============================================================================


      Code (inc. data)   RO Data    RW Data    ZI Data      Debug   

        44         16          8         16          0        240   Grand Totals
        44         16          8         16          0        240   ELF Image Totals
        44         16          8         16          0          0   ROM Totals

==============================================================================

    Total RO  Size (Code + RO Data)                   52 (   0.05kB)
    Total RW  Size (RW Data + ZI Data)                16 (   0.02kB)
    Total ROM Size (Code + RO Data + RW Data)         68 (   0.07kB)

==============================================================================

