Component: Arm Compiler for Embedded 6.23 Tool: armlink [5f102400]

==============================================================================

Section Cross References

    factorial_iterative.o(RESET) refers to factorial_iterative.o(.text) for Reset_Handler
    factorial_iterative.o(.text) refers to factorial_iterative.o(.data) for n


==============================================================================

Image Symbol Table

    Local Symbols

    Symbol Name                              Value     Ov Type        Size  Object(Section)

    factorial_iterative.asm                  0x00000000   Number         0  factorial_iterative.o ABSOLUTE
    RESET                                    0x08000000   Section        8  factorial_iterative.o(RESET)
    $v0                                      0x08000008   Number         0  factorial_iterative.o(.text)
    .text                                    0x08000008   Section       36  factorial_iterative.o(.text)
    n                                        0x20000000   Data           4  factorial_iterative.o(.data)
    .data                                    0x20000000   Section        8  factorial_iterative.o(.data)
    fact                                     0x20000004   Data           4  factorial_iterative.o(.data)

    Global Symbols

    Symbol Name                              Value     Ov Type        Size  Object(Section)

    BuildAttributes$$THM_ISAv4$E$P$D$K$B$S$7EM$VFPi3$EXTD16$VFPS$VFMA$PE$A:L22UL41UL21$X:L11$S22US41US21$IEEE1$~IW$USESV6$~STKCKD$USESV7$~SHL$OSPACE$EBA8$STANDARDLIB$PRES8$EABIv2 0x00000000   Number         0  anon$$obj.o ABSOLUTE
    __Vectors                                0x08000000   Data           0  factorial_iterative.o(RESET)
    Reset_Handler                            0x08000009   Thumb Code     0  factorial_iterative.o(.text)



==============================================================================

Memory Map of the image

  Image entry point : Not specified.

  Load Region LR_IROM1 (Base: 0x08000000, Size: 0x00000034, Max: 0x00100000, ABSOLUTE)

    Execution Region ER_IROM1 (Exec base: 0x08000000, Load base: 0x08000000, Size: 0x0000002c, Max: 0x00100000, ABSOLUTE)

    Exec Addr    Load Addr    Size         Type   Attr      Idx    E Section Name        Object

    0x08000000   0x08000000   0x00000008   Code   RO            1    RESET               factorial_iterative.o
    0x08000008   0x08000008   0x00000024   Code   RO            3    .text               factorial_iterative.o


    Execution Region RW_IRAM1 (Exec base: 0x20000000, Load base: 0x0800002c, Size: 0x00000008, Max: 0x00020000, ABSOLUTE)

    Exec Addr    Load Addr    Size         Type   Attr      Idx    E Section Name        Object

    0x20000000   0x0800002c   0x00000008   Data   RW            2    .data               factorial_iterative.o


==============================================================================

Image component sizes


      Code (inc. data)   RO Data    RW Data    ZI Data      Debug   Object Name

        44         16          0          8          0        468   factorial_iterative.o

    ----------------------------------------------------------------------
        44         16          0          8          0        468   Object Totals
         0          0          0          0          0          0   (incl. Generated)
         0          0          0          0          0          0   (incl. Padding)

    ----------------------------------------------------------------------
         0          0          0          0          0          0   Library Totals
         0          0          0          0          0          0   (incl. Padding)

    ----------------------------------------------------------------------

==============================================================================


      Code (inc. data)   RO Data    RW Data    ZI Data      Debug   

        44         16          0          8          0        468   Grand Totals
        44         16          0          8          0        468   ELF Image Totals
        44         16          0          8          0          0   ROM Totals

==============================================================================

    Total RO  Size (Code + RO Data)                   44 (   0.04kB)
    Total RW  Size (RW Data + ZI Data)                 8 (   0.01kB)
    Total ROM Size (Code + RO Data + RW Data)         52 (   0.05kB)

==============================================================================

