Component: Arm Compiler for Embedded 6.23 Tool: armlink [5f102400]

==============================================================================

Section Cross References

    print_using_svc.o(RESET) refers to print_using_svc.o(.text) for Reset_Handler
    print_using_svc.o(.text) refers to retarget_io.o(.text.ITM_SendChar) for ITM_SendChar
    retarget_io.o(.ARM.exidx.text.ITM_SendChar) refers to retarget_io.o(.text.ITM_SendChar) for [Anonymous Symbol]
    retarget_io.o(.text.ITM_ReceiveChar) refers to retarget_io.o(.data.ITM_RxBuffer) for ITM_RxBuffer
    retarget_io.o(.ARM.exidx.text.ITM_ReceiveChar) refers to retarget_io.o(.text.ITM_ReceiveChar) for [Anonymous Symbol]
    retarget_io.o(.text._sys_open) refers to retarget_io.o(.rodata.str1.1) for .L.str
    retarget_io.o(.text._sys_open) refers to strcmpv7em.o(.text) for strcmp
    retarget_io.o(.ARM.exidx.text._sys_open) refers to retarget_io.o(.text._sys_open) for [Anonymous Symbol]
    retarget_io.o(.ARM.exidx.text._sys_close) refers to retarget_io.o(.text._sys_close) for [Anonymous Symbol]
    retarget_io.o(.text._sys_write) refers to retarget_io.o(.text.stdout_putchar) for stdout_putchar
    retarget_io.o(.ARM.exidx.text._sys_write) refers to retarget_io.o(.text._sys_write) for [Anonymous Symbol]
    retarget_io.o(.text.stdout_putchar) refers to retarget_io.o(.text.ITM_SendChar) for ITM_SendChar
    retarget_io.o(.ARM.exidx.text.stdout_putchar) refers to retarget_io.o(.text.stdout_putchar) for [Anonymous Symbol]
    retarget_io.o(.ARM.exidx.text._sys_read) refers to retarget_io.o(.text._sys_read) for [Anonymous Symbol]
    retarget_io.o(.ARM.exidx.text._sys_istty) refers to retarget_io.o(.text._sys_istty) for [Anonymous Symbol]
    retarget_io.o(.ARM.exidx.text._sys_seek) refers to retarget_io.o(.text._sys_seek) for [Anonymous Symbol]
    retarget_io.o(.ARM.exidx.text._sys_flen) refers to retarget_io.o(.text._sys_flen) for [Anonymous Symbol]


==============================================================================

Removing Unused exception sections from the image.

    Removing retarget_io.o(.ARM.exidx.text.ITM_SendChar), (8 bytes).
    Removing retarget_io.o(.ARM.exidx.text.ITM_ReceiveChar), (8 bytes).
    Removing retarget_io.o(.ARM.exidx.text._sys_open), (8 bytes).
    Removing retarget_io.o(.ARM.exidx.text._sys_close), (8 bytes).
    Removing retarget_io.o(.ARM.exidx.text._sys_write), (8 bytes).
    Removing retarget_io.o(.ARM.exidx.text.stdout_putchar), (8 bytes).
    Removing retarget_io.o(.ARM.exidx.text._sys_read), (8 bytes).
    Removing retarget_io.o(.ARM.exidx.text._sys_istty), (8 bytes).
    Removing retarget_io.o(.ARM.exidx.text._sys_seek), (8 bytes).
    Removing retarget_io.o(.ARM.exidx.text._sys_flen), (8 bytes).

10 unused section(s) (total 80 bytes) removed from the image.

==============================================================================

Image Symbol Table

    Local Symbols

    Symbol Name                              Value     Ov Type        Size  Object(Section)

    ../clib/memcpset.s                       0x00000000   Number         0  strcmpv7em.o ABSOLUTE
    dc.s                                     0x00000000   Number         0  dc.o ABSOLUTE
    print_using_SVC.asm                      0x00000000   Number         0  print_using_svc.o ABSOLUTE
    retarget_io.c                            0x00000000   Number         0  retarget_io.o ABSOLUTE
    RESET                                    0x08000000   Section       48  print_using_svc.o(RESET)
    $v0                                      0x08000030   Number         0  print_using_svc.o(.text)
    .text                                    0x08000030   Section       28  print_using_svc.o(.text)
    SVC_Handler                              0x08000045   Thumb Code     0  print_using_svc.o(.text)
    .text                                    0x08000050   Section      124  strcmpv7em.o(.text)
    [Anonymous Symbol]                       0x080000cc   Section        0  retarget_io.o(.text.ITM_ReceiveChar)
    [Anonymous Symbol]                       0x0800010c   Section        0  retarget_io.o(.text.ITM_SendChar)
    [Anonymous Symbol]                       0x08000150   Section        0  retarget_io.o(.text._sys_close)
    [Anonymous Symbol]                       0x0800019c   Section        0  retarget_io.o(.text._sys_flen)
    [Anonymous Symbol]                       0x080001e4   Section        0  retarget_io.o(.text._sys_istty)
    [Anonymous Symbol]                       0x0800022c   Section        0  retarget_io.o(.text._sys_open)
    [Anonymous Symbol]                       0x080002b0   Section        0  retarget_io.o(.text._sys_read)
    [Anonymous Symbol]                       0x08000308   Section        0  retarget_io.o(.text._sys_seek)
    [Anonymous Symbol]                       0x0800035c   Section        0  retarget_io.o(.text._sys_write)
    stdout_putchar                           0x080003d5   Thumb Code    16  retarget_io.o(.text.stdout_putchar)
    [Anonymous Symbol]                       0x080003d4   Section        0  retarget_io.o(.text.stdout_putchar)
    .L.str                                   0x080003fb   Data           7  retarget_io.o(.rodata.str1.1)
    [Anonymous Symbol]                       0x080003fb   Section        0  retarget_io.o(.rodata.str1.1)
    .L.str.2                                 0x08000402   Data           8  retarget_io.o(.rodata.str1.1)
    .L.str.1                                 0x0800040a   Data           8  retarget_io.o(.rodata.str1.1)

    Global Symbols

    Symbol Name                              Value     Ov Type        Size  Object(Section)

    BuildAttributes$$THM_ISAv4$E$P$D$K$B$S$7EM$VFPi3$EXTD16$VFPS$VFMA$PE$A:L22UL41UL21$X:L11$S22US41US21$IEEE1$IW$~IW$USESV6$~STKCKD$USESV7$~SHL$OSPACE$ROPI$EBA8$STANDARDLIB$REQ8$EABIv2 0x00000000   Number         0  anon$$obj.o ABSOLUTE
    __Vectors                                0x08000000   Data           0  print_using_svc.o(RESET)
    Reset_Handler                            0x08000031   Thumb Code     0  print_using_svc.o(.text)
    strcmp                                   0x08000051   Thumb Code   124  strcmpv7em.o(.text)
    ITM_ReceiveChar                          0x080000cd   Thumb Code    62  retarget_io.o(.text.ITM_ReceiveChar)
    ITM_SendChar                             0x0800010d   Thumb Code    66  retarget_io.o(.text.ITM_SendChar)
    _sys_close                               0x08000151   Thumb Code    74  retarget_io.o(.text._sys_close)
    _sys_flen                                0x0800019d   Thumb Code    72  retarget_io.o(.text._sys_flen)
    _sys_istty                               0x080001e5   Thumb Code    72  retarget_io.o(.text._sys_istty)
    _sys_open                                0x0800022d   Thumb Code   132  retarget_io.o(.text._sys_open)
    _sys_read                                0x080002b1   Thumb Code    88  retarget_io.o(.text._sys_read)
    _sys_seek                                0x08000309   Thumb Code    82  retarget_io.o(.text._sys_seek)
    _sys_write                               0x0800035d   Thumb Code   118  retarget_io.o(.text._sys_write)
    __stderr_name                            0x080003e4   Data           8  retarget_io.o(.rodata.__stderr_name)
    __stdin_name                             0x080003ec   Data           7  retarget_io.o(.rodata.__stdin_name)
    __stdout_name                            0x080003f3   Data           8  retarget_io.o(.rodata.__stdout_name)
    ITM_RxBuffer                             0x20000000   Data           4  retarget_io.o(.data.ITM_RxBuffer)



==============================================================================

Memory Map of the image

  Image entry point : Not specified.

  Load Region LR_IROM1 (Base: 0x08000000, Size: 0x00000418, Max: 0x00100000, ABSOLUTE)

    Execution Region ER_IROM1 (Exec base: 0x08000000, Load base: 0x08000000, Size: 0x00000414, Max: 0x00100000, ABSOLUTE)

    Exec Addr    Load Addr    Size         Type   Attr      Idx    E Section Name        Object

    0x08000000   0x08000000   0x00000030   Data   RO            1    RESET               print_using_svc.o
    0x08000030   0x08000030   0x0000001c   Code   RO            2    .text               print_using_svc.o
    0x0800004c   0x0800004c   0x00000000   Code   RO            7    .text               retarget_io.o
    0x0800004c   0x0800004c   0x00000004   PAD
    0x08000050   0x08000050   0x0000007c   Code   RO           41    .text               c_w.l(strcmpv7em.o)
    0x080000cc   0x080000cc   0x0000003e   Code   RO           10    .text.ITM_ReceiveChar  retarget_io.o
    0x0800010a   0x0800010a   0x00000002   PAD
    0x0800010c   0x0800010c   0x00000042   Code   RO            8    .text.ITM_SendChar  retarget_io.o
    0x0800014e   0x0800014e   0x00000002   PAD
    0x08000150   0x08000150   0x0000004a   Code   RO           14    .text._sys_close    retarget_io.o
    0x0800019a   0x0800019a   0x00000002   PAD
    0x0800019c   0x0800019c   0x00000048   Code   RO           26    .text._sys_flen     retarget_io.o
    0x080001e4   0x080001e4   0x00000048   Code   RO           22    .text._sys_istty    retarget_io.o
    0x0800022c   0x0800022c   0x00000084   Code   RO           12    .text._sys_open     retarget_io.o
    0x080002b0   0x080002b0   0x00000058   Code   RO           20    .text._sys_read     retarget_io.o
    0x08000308   0x08000308   0x00000052   Code   RO           24    .text._sys_seek     retarget_io.o
    0x0800035a   0x0800035a   0x00000002   PAD
    0x0800035c   0x0800035c   0x00000076   Code   RO           16    .text._sys_write    retarget_io.o
    0x080003d2   0x080003d2   0x00000002   PAD
    0x080003d4   0x080003d4   0x00000010   Code   RO           18    .text.stdout_putchar  retarget_io.o
    0x080003e4   0x080003e4   0x00000008   Data   RO           31    .rodata.__stderr_name  retarget_io.o
    0x080003ec   0x080003ec   0x00000007   Data   RO           29    .rodata.__stdin_name  retarget_io.o
    0x080003f3   0x080003f3   0x00000008   Data   RO           30    .rodata.__stdout_name  retarget_io.o
    0x080003fb   0x080003fb   0x00000017   Data   RO           32    .rodata.str1.1      retarget_io.o


    Execution Region RW_IRAM1 (Exec base: 0x20000000, Load base: 0x08000414, Size: 0x00000004, Max: 0x00020000, ABSOLUTE)

    Exec Addr    Load Addr    Size         Type   Attr      Idx    E Section Name        Object

    0x20000000   0x08000414   0x00000004   Data   RW           28    .data.ITM_RxBuffer  retarget_io.o


==============================================================================

Image component sizes


      Code (inc. data)   RO Data    RW Data    ZI Data      Debug   Object Name

        28          0         48          0          0        264   print_using_svc.o
       782          0         46          4          0       3018   retarget_io.o

    ----------------------------------------------------------------------
       824          0         96          4          0       3282   Object Totals
         0          0          0          0          0          0   (incl. Generated)
        14          0          2          0          0          0   (incl. Padding)

    ----------------------------------------------------------------------

      Code (inc. data)   RO Data    RW Data    ZI Data      Debug   Library Member Name

       124          0          0          0          0         88   strcmpv7em.o

    ----------------------------------------------------------------------
       124          0          0          0          0         88   Library Totals
         0          0          0          0          0          0   (incl. Padding)

    ----------------------------------------------------------------------

      Code (inc. data)   RO Data    RW Data    ZI Data      Debug   Library Name

       124          0          0          0          0         88   c_w.l

    ----------------------------------------------------------------------
       124          0          0          0          0         88   Library Totals

    ----------------------------------------------------------------------

==============================================================================


      Code (inc. data)   RO Data    RW Data    ZI Data      Debug   

       948          0         96          4          0       3370   Grand Totals
       948          0         96          4          0       3370   ELF Image Totals
       948          0         96          4          0          0   ROM Totals

==============================================================================

    Total RO  Size (Code + RO Data)                 1044 (   1.02kB)
    Total RW  Size (RW Data + ZI Data)                 4 (   0.00kB)
    Total ROM Size (Code + RO Data + RW Data)       1048 (   1.02kB)

==============================================================================

