Component: Arm Compiler for Embedded 6.23 Tool: armlink [5f102400]

==============================================================================

Section Cross References

    print_using_itm.o(RESET) refers to print_using_itm.o(.text) for Reset_Handler
    print_using_itm.o(.text) refers to retarget_io.o(.text.ITM_SendChar) for ITM_SendChar
    retarget_io.o(.ARM.exidx.text.ITM_SendChar) refers to retarget_io.o(.text.ITM_SendChar) for [Anonymous Symbol]
    retarget_io.o(.text.ITM_ReceiveChar) refers to retarget_io.o(.data.ITM_RxBuffer) for ITM_RxBuffer
    retarget_io.o(.ARM.exidx.text.ITM_ReceiveChar) refers to retarget_io.o(.text.ITM_ReceiveChar) for [Anonymous Symbol]
    retarget_io.o(.text._sys_open) refers to retarget_io.o(.rodata.str1.1) for .L.str
    retarget_io.o(.text._sys_open) refers to strcmpv7em.o(.text) for strcmp
    retarget_io.o(.ARM.exidx.text._sys_open) refers to retarget_io.o(.text._sys_open) for [Anonymous Symbol]
    retarget_io.o(.ARM.exidx.text._sys_close) refers to retarget_io.o(.text._sys_close) for [Anonymous Symbol]
    retarget_io.o(.text._sys_write) refers to retarget_io.o(.text.stdout_putchar) for stdout_putchar
    retarget_io.o(.ARM.exidx.text._sys_write) refers to retarget_io.o(.text._sys_write) for [Anonymous Symbol]
    retarget_io.o(.text.stdout_putchar) refers to retarget_io.o(.text.ITM_SendChar) for ITM_SendChar
    retarget_io.o(.ARM.exidx.text.stdout_putchar) refers to retarget_io.o(.text.stdout_putchar) for [Anonymous Symbol]
    retarget_io.o(.ARM.exidx.text._sys_read) refers to retarget_io.o(.text._sys_read) for [Anonymous Symbol]
    retarget_io.o(.ARM.exidx.text._sys_istty) refers to retarget_io.o(.text._sys_istty) for [Anonymous Symbol]
    retarget_io.o(.ARM.exidx.text._sys_seek) refers to retarget_io.o(.text._sys_seek) for [Anonymous Symbol]
    retarget_io.o(.ARM.exidx.text._sys_flen) refers to retarget_io.o(.text._sys_flen) for [Anonymous Symbol]


==============================================================================

Removing Unused exception sections from the image.

    Removing retarget_io.o(.ARM.exidx.text.ITM_SendChar), (8 bytes).
    Removing retarget_io.o(.ARM.exidx.text.ITM_ReceiveChar), (8 bytes).
    Removing retarget_io.o(.ARM.exidx.text._sys_open), (8 bytes).
    Removing retarget_io.o(.ARM.exidx.text._sys_close), (8 bytes).
    Removing retarget_io.o(.ARM.exidx.text._sys_write), (8 bytes).
    Removing retarget_io.o(.ARM.exidx.text.stdout_putchar), (8 bytes).
    Removing retarget_io.o(.ARM.exidx.text._sys_read), (8 bytes).
    Removing retarget_io.o(.ARM.exidx.text._sys_istty), (8 bytes).
    Removing retarget_io.o(.ARM.exidx.text._sys_seek), (8 bytes).
    Removing retarget_io.o(.ARM.exidx.text._sys_flen), (8 bytes).

10 unused section(s) (total 80 bytes) removed from the image.

==============================================================================

Image Symbol Table

    Local Symbols

    Symbol Name                              Value     Ov Type        Size  Object(Section)

    ../clib/memcpset.s                       0x00000000   Number         0  strcmpv7em.o ABSOLUTE
    dc.s                                     0x00000000   Number         0  dc.o ABSOLUTE
    print_using_ITM.asm                      0x00000000   Number         0  print_using_itm.o ABSOLUTE
    retarget_io.c                            0x00000000   Number         0  retarget_io.o ABSOLUTE
    RESET                                    0x08000000   Section        8  print_using_itm.o(RESET)
    $v0                                      0x08000008   Number         0  print_using_itm.o(.text)
    .text                                    0x08000008   Section       26  print_using_itm.o(.text)
    .text                                    0x08000028   Section      124  strcmpv7em.o(.text)
    [Anonymous Symbol]                       0x080000a4   Section        0  retarget_io.o(.text.ITM_ReceiveChar)
    [Anonymous Symbol]                       0x080000e4   Section        0  retarget_io.o(.text.ITM_SendChar)
    [Anonymous Symbol]                       0x08000128   Section        0  retarget_io.o(.text._sys_close)
    [Anonymous Symbol]                       0x08000174   Section        0  retarget_io.o(.text._sys_flen)
    [Anonymous Symbol]                       0x080001bc   Section        0  retarget_io.o(.text._sys_istty)
    [Anonymous Symbol]                       0x08000204   Section        0  retarget_io.o(.text._sys_open)
    [Anonymous Symbol]                       0x08000288   Section        0  retarget_io.o(.text._sys_read)
    [Anonymous Symbol]                       0x080002e0   Section        0  retarget_io.o(.text._sys_seek)
    [Anonymous Symbol]                       0x08000334   Section        0  retarget_io.o(.text._sys_write)
    stdout_putchar                           0x080003ad   Thumb Code    16  retarget_io.o(.text.stdout_putchar)
    [Anonymous Symbol]                       0x080003ac   Section        0  retarget_io.o(.text.stdout_putchar)
    .L.str                                   0x080003d3   Data           7  retarget_io.o(.rodata.str1.1)
    [Anonymous Symbol]                       0x080003d3   Section        0  retarget_io.o(.rodata.str1.1)
    .L.str.2                                 0x080003da   Data           8  retarget_io.o(.rodata.str1.1)
    .L.str.1                                 0x080003e2   Data           8  retarget_io.o(.rodata.str1.1)

    Global Symbols

    Symbol Name                              Value     Ov Type        Size  Object(Section)

    BuildAttributes$$THM_ISAv4$E$P$D$K$B$S$7EM$VFPi3$EXTD16$VFPS$VFMA$PE$A:L22UL41UL21$X:L11$S22US41US21$IEEE1$IW$~IW$USESV6$~STKCKD$USESV7$~SHL$OSPACE$ROPI$EBA8$STANDARDLIB$REQ8$PRES8$EABIv2 0x00000000   Number         0  anon$$obj.o ABSOLUTE
    __Vectors                                0x08000000   Data           0  print_using_itm.o(RESET)
    Reset_Handler                            0x08000009   Thumb Code     0  print_using_itm.o(.text)
    strcmp                                   0x08000029   Thumb Code   124  strcmpv7em.o(.text)
    ITM_ReceiveChar                          0x080000a5   Thumb Code    62  retarget_io.o(.text.ITM_ReceiveChar)
    ITM_SendChar                             0x080000e5   Thumb Code    66  retarget_io.o(.text.ITM_SendChar)
    _sys_close                               0x08000129   Thumb Code    74  retarget_io.o(.text._sys_close)
    _sys_flen                                0x08000175   Thumb Code    72  retarget_io.o(.text._sys_flen)
    _sys_istty                               0x080001bd   Thumb Code    72  retarget_io.o(.text._sys_istty)
    _sys_open                                0x08000205   Thumb Code   132  retarget_io.o(.text._sys_open)
    _sys_read                                0x08000289   Thumb Code    88  retarget_io.o(.text._sys_read)
    _sys_seek                                0x080002e1   Thumb Code    82  retarget_io.o(.text._sys_seek)
    _sys_write                               0x08000335   Thumb Code   118  retarget_io.o(.text._sys_write)
    __stderr_name                            0x080003bc   Data           8  retarget_io.o(.rodata.__stderr_name)
    __stdin_name                             0x080003c4   Data           7  retarget_io.o(.rodata.__stdin_name)
    __stdout_name                            0x080003cb   Data           8  retarget_io.o(.rodata.__stdout_name)
    ITM_RxBuffer                             0x20000000   Data           4  retarget_io.o(.data.ITM_RxBuffer)



==============================================================================

Memory Map of the image

  Image entry point : Not specified.

  Load Region LR_IROM1 (Base: 0x08000000, Size: 0x000003f0, Max: 0x00100000, ABSOLUTE)

    Execution Region ER_IROM1 (Exec base: 0x08000000, Load base: 0x08000000, Size: 0x000003ec, Max: 0x00100000, ABSOLUTE)

    Exec Addr    Load Addr    Size         Type   Attr      Idx    E Section Name        Object

    0x08000000   0x08000000   0x00000008   Data   RO            1    RESET               print_using_itm.o
    0x08000008   0x08000008   0x0000001a   Code   RO            2    .text               print_using_itm.o
    0x08000022   0x08000022   0x00000002   PAD
    0x08000024   0x08000024   0x00000000   Code   RO            7    .text               retarget_io.o
    0x08000024   0x08000024   0x00000004   PAD
    0x08000028   0x08000028   0x0000007c   Code   RO           41    .text               c_w.l(strcmpv7em.o)
    0x080000a4   0x080000a4   0x0000003e   Code   RO           10    .text.ITM_ReceiveChar  retarget_io.o
    0x080000e2   0x080000e2   0x00000002   PAD
    0x080000e4   0x080000e4   0x00000042   Code   RO            8    .text.ITM_SendChar  retarget_io.o
    0x08000126   0x08000126   0x00000002   PAD
    0x08000128   0x08000128   0x0000004a   Code   RO           14    .text._sys_close    retarget_io.o
    0x08000172   0x08000172   0x00000002   PAD
    0x08000174   0x08000174   0x00000048   Code   RO           26    .text._sys_flen     retarget_io.o
    0x080001bc   0x080001bc   0x00000048   Code   RO           22    .text._sys_istty    retarget_io.o
    0x08000204   0x08000204   0x00000084   Code   RO           12    .text._sys_open     retarget_io.o
    0x08000288   0x08000288   0x00000058   Code   RO           20    .text._sys_read     retarget_io.o
    0x080002e0   0x080002e0   0x00000052   Code   RO           24    .text._sys_seek     retarget_io.o
    0x08000332   0x08000332   0x00000002   PAD
    0x08000334   0x08000334   0x00000076   Code   RO           16    .text._sys_write    retarget_io.o
    0x080003aa   0x080003aa   0x00000002   PAD
    0x080003ac   0x080003ac   0x00000010   Code   RO           18    .text.stdout_putchar  retarget_io.o
    0x080003bc   0x080003bc   0x00000008   Data   RO           31    .rodata.__stderr_name  retarget_io.o
    0x080003c4   0x080003c4   0x00000007   Data   RO           29    .rodata.__stdin_name  retarget_io.o
    0x080003cb   0x080003cb   0x00000008   Data   RO           30    .rodata.__stdout_name  retarget_io.o
    0x080003d3   0x080003d3   0x00000017   Data   RO           32    .rodata.str1.1      retarget_io.o


    Execution Region RW_IRAM1 (Exec base: 0x20000000, Load base: 0x080003ec, Size: 0x00000004, Max: 0x00020000, ABSOLUTE)

    Exec Addr    Load Addr    Size         Type   Attr      Idx    E Section Name        Object

    0x20000000   0x080003ec   0x00000004   Data   RW           28    .data.ITM_RxBuffer  retarget_io.o


==============================================================================

Image component sizes


      Code (inc. data)   RO Data    RW Data    ZI Data      Debug   Object Name

        26          0          8          0          0        260   print_using_itm.o
       782          0         46          4          0       3019   retarget_io.o

    ----------------------------------------------------------------------
       824          0         56          4          0       3279   Object Totals
         0          0          0          0          0          0   (incl. Generated)
        16          0          2          0          0          0   (incl. Padding)

    ----------------------------------------------------------------------

      Code (inc. data)   RO Data    RW Data    ZI Data      Debug   Library Member Name

       124          0          0          0          0         88   strcmpv7em.o

    ----------------------------------------------------------------------
       124          0          0          0          0         88   Library Totals
         0          0          0          0          0          0   (incl. Padding)

    ----------------------------------------------------------------------

      Code (inc. data)   RO Data    RW Data    ZI Data      Debug   Library Name

       124          0          0          0          0         88   c_w.l

    ----------------------------------------------------------------------
       124          0          0          0          0         88   Library Totals

    ----------------------------------------------------------------------

==============================================================================


      Code (inc. data)   RO Data    RW Data    ZI Data      Debug   

       948          0         56          4          0       3367   Grand Totals
       948          0         56          4          0       3367   ELF Image Totals
       948          0         56          4          0          0   ROM Totals

==============================================================================

    Total RO  Size (Code + RO Data)                 1004 (   0.98kB)
    Total RW  Size (RW Data + ZI Data)                 4 (   0.00kB)
    Total ROM Size (Code + RO Data + RW Data)       1008 (   0.98kB)

==============================================================================

