Component: Arm Compiler for Embedded 6.23 Tool: armlink [5f102400]

==============================================================================

Section Cross References

    string_palindrome.o(RESET) refers to string_palindrome.o(.text) for Reset_Handler
    string_palindrome.o(.text) refers to string_palindrome.o(.data) for word


==============================================================================

Image Symbol Table

    Local Symbols

    Symbol Name                              Value     Ov Type        Size  Object(Section)

    string_palindrome.asm                    0x00000000   Number         0  string_palindrome.o ABSOLUTE
    RESET                                    0x08000000   Section        8  string_palindrome.o(RESET)
    $v0                                      0x08000008   Number         0  string_palindrome.o(.text)
    .text                                    0x08000008   Section      100  string_palindrome.o(.text)
    word                                     0x20000000   Data           9  string_palindrome.o(.data)
    .data                                    0x20000000   Section       16  string_palindrome.o(.data)
    p_bool                                   0x2000000c   Data           4  string_palindrome.o(.data)

    Global Symbols

    Symbol Name                              Value     Ov Type        Size  Object(Section)

    BuildAttributes$$THM_ISAv4$E$P$D$K$B$S$7EM$VFPi3$EXTD16$VFPS$VFMA$PE$A:L22UL41UL21$X:L11$S22US41US21$IEEE1$~IW$USESV6$~STKCKD$USESV7$~SHL$OSPACE$EBA8$STANDARDLIB$EABIv2 0x00000000   Number         0  anon$$obj.o ABSOLUTE
    __Vectors                                0x08000000   Data           0  string_palindrome.o(RESET)
    Reset_Handler                            0x08000009   Thumb Code     0  string_palindrome.o(.text)



==============================================================================

Memory Map of the image

  Image entry point : Not specified.

  Load Region LR_IROM1 (Base: 0x08000000, Size: 0x0000007c, Max: 0x00100000, ABSOLUTE)

    Execution Region ER_IROM1 (Exec base: 0x08000000, Load base: 0x08000000, Size: 0x0000006c, Max: 0x00100000, ABSOLUTE)

    Exec Addr    Load Addr    Size         Type   Attr      Idx    E Section Name        Object

    0x08000000   0x08000000   0x00000008   Code   RO            1    RESET               string_palindrome.o
    0x08000008   0x08000008   0x00000064   Code   RO            3    .text               string_palindrome.o


    Execution Region RW_IRAM1 (Exec base: 0x20000000, Load base: 0x0800006c, Size: 0x00000010, Max: 0x00020000, ABSOLUTE)

    Exec Addr    Load Addr    Size         Type   Attr      Idx    E Section Name        Object

    0x20000000   0x0800006c   0x00000010   Data   RW            2    .data               string_palindrome.o


==============================================================================

Image component sizes


      Code (inc. data)   RO Data    RW Data    ZI Data      Debug   Object Name

       108         18          0         16          0        480   string_palindrome.o

    ----------------------------------------------------------------------
       108         18          0         16          0        480   Object Totals
         0          0          0          0          0          0   (incl. Generated)
         0          0          0          0          0          0   (incl. Padding)

    ----------------------------------------------------------------------
         0          0          0          0          0          0   Library Totals
         0          0          0          0          0          0   (incl. Padding)

    ----------------------------------------------------------------------

==============================================================================


      Code (inc. data)   RO Data    RW Data    ZI Data      Debug   

       108         18          0         16          0        480   Grand Totals
       108         18          0         16          0        480   ELF Image Totals
       108         18          0         16          0          0   ROM Totals

==============================================================================

    Total RO  Size (Code + RO Data)                  108 (   0.11kB)
    Total RW  Size (RW Data + ZI Data)                16 (   0.02kB)
    Total ROM Size (Code + RO Data + RW Data)        124 (   0.12kB)

==============================================================================

