<html>
<body>
<pre>
<h1>µVision Build Log</h1>
<h2>Tool Versions:</h2>
IDE-Version: µVision V5.42.0.0
Copyright (C) 2025 ARM Ltd and ARM Germany GmbH. All rights reserved.
License Information: Sanjana Ganesh Nayak, na, LIC=----
 
Tool Versions:
Toolchain:       MDK-Lite  Version: 5.42.0.0
Toolchain Path:  C:\Users\Asus\AppData\Local\Keil_v5\ARM\ARMCLANG\Bin
C Compiler:      ArmClang.exe V6.23
Assembler:       Armasm.exe V6.23
Linker/Locator:  ArmLink.exe V6.23
Library Manager: ArmAr.exe V6.23
Hex Converter:   FromElf.exe V6.23
CPU DLL:         SARMCM3.DLL V5.42.0.0
Dialog DLL:      DCM.DLL V1.17.5.0
Target DLL:      UL2CM3.DLL V1.164.14.0
Dialog DLL:      TCM.DLL V1.56.6.0
 
<h2>Project:</h2>
D:\arm-asm-practice\2. add_sub\add_sub.uvprojx
Project File Date:  06/30/2025

<h2>Output:</h2>
*** Using Compiler 'V6.23', folder: 'C:\Users\Asus\AppData\Local\Keil_v5\ARM\ARMCLANG\Bin'
Build target 'Target_1'
armclang: warning: argument unused during compilation: '-D __UVISION_VERSION=542' [-Wunused-command-line-argument]
"add_sub.asm", line 34: Warning: A1313W: Missing END directive at end of file
   34 00000010 
0 Errors, 1 Warning
assembling add_sub.asm...
linking...
Program Size: Code=44 RO-data=8 RW-data=16 ZI-data=0  
".\Objects\add_sub.axf" - 0 Error(s), 1 Warning(s).

<h2>Software Packages used:</h2>

Package Vendor: Keil
                http://www.keil.com/pack/Keil.STM32F4xx_DFP.2.16.0.pack
                Keil::STM32F4xx_DFP@2.16.0
                STMicroelectronics STM32F4 Series Device Support, Drivers and Examples

<h2>Collection of Component include folders:</h2>
  C:/Users/Asus/AppData/Local/Arm/Packs/Keil/STM32F4xx_DFP/2.16.0/Drivers/CMSIS/Device/ST/STM32F4xx/Include

<h2>Collection of Component Files used:</h2>
Build Time Elapsed:  00:00:00
</pre>
</body>
</html>
