Component: Arm Compiler for Embedded 6.23 Tool: armlink [5f102400]

==============================================================================

Section Cross References

    reverse_array.o(RESET) refers to reverse_array.o(.text) for Reset_Handler
    reverse_array.o(.text) refers to reverse_array.o(.data) for n


==============================================================================

Image Symbol Table

    Local Symbols

    Symbol Name                              Value     Ov Type        Size  Object(Section)

    reverse_array.asm                        0x00000000   Number         0  reverse_array.o ABSOLUTE
    RESET                                    0x08000000   Section        8  reverse_array.o(RESET)
    $v0                                      0x08000008   Number         0  reverse_array.o(.text)
    .text                                    0x08000008   Section       52  reverse_array.o(.text)
    n                                        0x20000000   Data           4  reverse_array.o(.data)
    .data                                    0x20000000   Section       24  reverse_array.o(.data)
    arr                                      0x20000004   Data          20  reverse_array.o(.data)

    Global Symbols

    Symbol Name                              Value     Ov Type        Size  Object(Section)

    BuildAttributes$$THM_ISAv4$E$P$D$K$B$S$7EM$VFPi3$EXTD16$VFPS$VFMA$PE$A:L22UL41UL21$X:L11$S22US41US21$IEEE1$~IW$USESV6$~STKCKD$USESV7$~SHL$OSPACE$EBA8$STANDARDLIB$PRES8$EABIv2 0x00000000   Number         0  anon$$obj.o ABSOLUTE
    __Vectors                                0x08000000   Data           0  reverse_array.o(RESET)
    Reset_Handler                            0x08000009   Thumb Code     0  reverse_array.o(.text)



==============================================================================

Memory Map of the image

  Image entry point : Not specified.

  Load Region LR_IROM1 (Base: 0x08000000, Size: 0x00000054, Max: 0x00100000, ABSOLUTE)

    Execution Region ER_IROM1 (Exec base: 0x08000000, Load base: 0x08000000, Size: 0x0000003c, Max: 0x00100000, ABSOLUTE)

    Exec Addr    Load Addr    Size         Type   Attr      Idx    E Section Name        Object

    0x08000000   0x08000000   0x00000008   Code   RO            1    RESET               reverse_array.o
    0x08000008   0x08000008   0x00000034   Code   RO            3    .text               reverse_array.o


    Execution Region RW_IRAM1 (Exec base: 0x20000000, Load base: 0x0800003c, Size: 0x00000018, Max: 0x00020000, ABSOLUTE)

    Exec Addr    Load Addr    Size         Type   Attr      Idx    E Section Name        Object

    0x20000000   0x0800003c   0x00000018   Data   RW            2    .data               reverse_array.o


==============================================================================

Image component sizes


      Code (inc. data)   RO Data    RW Data    ZI Data      Debug   Object Name

        60         16          0         24          0        444   reverse_array.o

    ----------------------------------------------------------------------
        60         16          0         24          0        444   Object Totals
         0          0          0          0          0          0   (incl. Generated)
         0          0          0          0          0          0   (incl. Padding)

    ----------------------------------------------------------------------
         0          0          0          0          0          0   Library Totals
         0          0          0          0          0          0   (incl. Padding)

    ----------------------------------------------------------------------

==============================================================================


      Code (inc. data)   RO Data    RW Data    ZI Data      Debug   

        60         16          0         24          0        444   Grand Totals
        60         16          0         24          0        444   ELF Image Totals
        60         16          0         24          0          0   ROM Totals

==============================================================================

    Total RO  Size (Code + RO Data)                   60 (   0.06kB)
    Total RW  Size (RW Data + ZI Data)                24 (   0.02kB)
    Total ROM Size (Code + RO Data + RW Data)         84 (   0.08kB)

==============================================================================

