<html>
<body>
<pre>
<h1>µVision Build Log</h1>
<h2>Tool Versions:</h2>
IDE-Version: µVision V5.42.0.0
Copyright (C) 2025 ARM Ltd and ARM Germany GmbH. All rights reserved.
License Information: Sanjana Ganesh Nayak, na, LIC=----
 
Tool Versions:
Toolchain:       MDK-Lite  Version: 5.42.0.0
Toolchain Path:  C:\Users\Asus\AppData\Local\Keil_v5\ARM\ARMCLANG\Bin
C Compiler:      ArmClang.exe V6.23
Assembler:       Armasm.exe V6.23
Linker/Locator:  ArmLink.exe V6.23
Library Manager: ArmAr.exe V6.23
Hex Converter:   FromElf.exe V6.23
CPU DLL:         SARMCM3.DLL V5.42.0.0
Dialog DLL:      DCM.DLL V1.17.5.0
Target DLL:      UL2CM3.DLL V1.164.14.0
Dialog DLL:      TCM.DLL V1.56.6.0
 
<h2>Project:</h2>
D:\arm-asm-practice\5. odd_even\odd_even.uvprojx
Project File Date:  06/30/2025

<h2>Output:</h2>
*** Using Compiler 'V6.23', folder: 'C:\Users\Asus\AppData\Local\Keil_v5\ARM\ARMCLANG\Bin'
Build target 'Target_1'
armclang: warning: argument unused during compilation: '-D __UVISION_VERSION=542' [-Wunused-command-line-argument]
"odd_even.asm", line 17 (column 11): Warning: A1865W: '#' not seen before constant expression
   17 00000004   TST  R0, 0x1   ; odd num has 1 at LSB
                         ^
"odd_even.asm", line 24: Warning: A1313W: Missing END directive at end of file
   24 00000012 
"odd_even.asm", line 24: Warning: A1581W: Added 2 bytes of padding at address 0x12
   24 00000014 
0 Errors, 3 Warnings
assembling odd_even.asm...
linking...
.\Objects\odd_even.axf: Warning: L6305W: Image does not have an entry point. (Not specified or not set due to multiple choices.)
.\Objects\odd_even.sct(8): warning: L6314W: No section matches pattern *(InRoot$$Sections).
Program Size: Code=32 RO-data=0 RW-data=4 ZI-data=0  
Finished: 0 information, 2 warning and 0 error messages.
".\Objects\odd_even.axf" - 0 Error(s), 3 Warning(s).

<h2>Software Packages used:</h2>

Package Vendor: Keil
                http://www.keil.com/pack/Keil.STM32F4xx_DFP.2.16.0.pack
                Keil::STM32F4xx_DFP@2.16.0
                STMicroelectronics STM32F4 Series Device Support, Drivers and Examples

<h2>Collection of Component include folders:</h2>
  C:/Users/Asus/AppData/Local/Arm/Packs/Keil/STM32F4xx_DFP/2.16.0/Drivers/CMSIS/Device/ST/STM32F4xx/Include

<h2>Collection of Component Files used:</h2>
Build Time Elapsed:  00:00:00
</pre>
</body>
</html>
