Component: Arm Compiler for Embedded 6.23 Tool: armlink [5f102400]

==============================================================================

Section Cross References

    find_max.o(RESET) refers to find_max.o(.text) for Reset_Handler
    find_max.o(.text) refers to find_max.o(.data) for n


==============================================================================

Image Symbol Table

    Local Symbols

    Symbol Name                              Value     Ov Type        Size  Object(Section)

    find_max.asm                             0x00000000   Number         0  find_max.o ABSOLUTE
    RESET                                    0x08000000   Section        8  find_max.o(RESET)
    $v0                                      0x08000008   Number         0  find_max.o(.text)
    .text                                    0x08000008   Section       52  find_max.o(.text)
    n                                        0x20000000   Data           4  find_max.o(.data)
    .data                                    0x20000000   Section       48  find_max.o(.data)
    arr                                      0x20000004   Data          40  find_max.o(.data)
    max                                      0x2000002c   Data           4  find_max.o(.data)

    Global Symbols

    Symbol Name                              Value     Ov Type        Size  Object(Section)

    BuildAttributes$$THM_ISAv4$E$P$D$K$B$S$7EM$VFPi3$EXTD16$VFPS$VFMA$PE$A:L22UL41UL21$X:L11$S22US41US21$IEEE1$~IW$USESV6$~STKCKD$USESV7$~SHL$OSPACE$EBA8$STANDARDLIB$PRES8$EABIv2 0x00000000   Number         0  anon$$obj.o ABSOLUTE
    __Vectors                                0x08000000   Data           0  find_max.o(RESET)
    Reset_Handler                            0x08000009   Thumb Code     0  find_max.o(.text)



==============================================================================

Memory Map of the image

  Image entry point : Not specified.

  Load Region LR_IROM1 (Base: 0x08000000, Size: 0x0000006c, Max: 0x00100000, ABSOLUTE)

    Execution Region ER_IROM1 (Exec base: 0x08000000, Load base: 0x08000000, Size: 0x0000003c, Max: 0x00100000, ABSOLUTE)

    Exec Addr    Load Addr    Size         Type   Attr      Idx    E Section Name        Object

    0x08000000   0x08000000   0x00000008   Code   RO            1    RESET               find_max.o
    0x08000008   0x08000008   0x00000034   Code   RO            3    .text               find_max.o


    Execution Region RW_IRAM1 (Exec base: 0x20000000, Load base: 0x0800003c, Size: 0x00000030, Max: 0x00020000, ABSOLUTE)

    Exec Addr    Load Addr    Size         Type   Attr      Idx    E Section Name        Object

    0x20000000   0x0800003c   0x00000030   Data   RW            2    .data               find_max.o


==============================================================================

Image component sizes


      Code (inc. data)   RO Data    RW Data    ZI Data      Debug   Object Name

        60         22          0         48          0        420   find_max.o

    ----------------------------------------------------------------------
        60         22          0         48          0        420   Object Totals
         0          0          0          0          0          0   (incl. Generated)
         0          0          0          0          0          0   (incl. Padding)

    ----------------------------------------------------------------------
         0          0          0          0          0          0   Library Totals
         0          0          0          0          0          0   (incl. Padding)

    ----------------------------------------------------------------------

==============================================================================


      Code (inc. data)   RO Data    RW Data    ZI Data      Debug   

        60         22          0         48          0        420   Grand Totals
        60         22          0         48          0        420   ELF Image Totals
        60         22          0         48          0          0   ROM Totals

==============================================================================

    Total RO  Size (Code + RO Data)                   60 (   0.06kB)
    Total RW  Size (RW Data + ZI Data)                48 (   0.05kB)
    Total ROM Size (Code + RO Data + RW Data)        108 (   0.11kB)

==============================================================================

